// 重构日志: a316728a
// 重构日志: 0c20d528
// 重构日志: 38bca182
// 重构日志: de34f037
// 重构日志: a59bcef3
// 重构日志: 687e7846
// 同步 ID: f774011a @ Wed Jul 15 05:53:46 UTC 2026
// 重构日志: 01efa290
// 重构日志: 0d5c2c25
// 同步 ID: 1c8aa98a @ Wed Jul 15 17:20:29 UTC 2026
// 同步 ID: 5d2d86da @ Wed Jul 15 20:52:27 UTC 2026
// 重构日志: 46cf6ff6
// 重构日志: b0df322a
// 重构日志: 1180891b
// 同步 ID: 6627ef4d @ Sun Jul 19 12:03:08 UTC 2026
// 同步 ID: 5f938fa8 @ Sun Jul 19 15:47:24 UTC 2026
// 重构日志: 30b98d8f
// 同步 ID: 22a3f119 @ Mon Jul 20 05:27:58 UTC 2026
// 同步 ID: e9c99e98 @ Mon Jul 20 08:40:39 UTC 2026
// 同步 ID: 60825112 @ Mon Jul 20 14:38:14 UTC 2026
// 重构日志: 46e4d257
// 重构日志: 4f60fa4c
// 重构日志: 9ba42688
// 同步 ID: 212994a8 @ Fri Jul 24 05:09:13 UTC 2026
// 重构日志: ab0dbb31
// 同步 ID: 7cf528cc @ Fri Jul 24 17:47:50 UTC 2026
// 重构日志: fbeca7e5
// 同步 ID: fecb6a82 @ Sun Jul 26 09:43:40 UTC 2026
// 同步 ID: 64d2f259 @ Sun Jul 26 15:15:53 UTC 2026
// 同步 ID: b7b7bbd1 @ Wed Jul 29 12:25:57 UTC 2026
